Building Windows application...                                 
flutter : Nuget.exe not found, trying to download or use cached version.
In Zeile:1 Zeichen:1
+ flutter build windows --debug 2>&1 | Out-File -FilePath build_output. ...
+ ~~~~~~~~~~~~~~~~~~~~~~~~~~~~~~~~~~
    + CategoryInfo          : NotSpecified: (Nuget.exe not f...cached version.:String) [], RemoteException
    + FullyQualifiedErrorId : NativeCommandError
 
Building Windows application...                                    13,4s
ÔêÜ Built build\windows\x64\runner\Debug\peerwave_client.exe
